[dotenv@17.2.3] injecting env (16) from .env.test -- tip: ✅ audit secrets and track compliance: https://dotenvx.com/ops

Running 168 tests using 1 worker

[dotenv@17.2.3] injecting env (0) from .env.test -- tip: ⚙️  load multiple .env files with { path: ['.env.local', '.env'] }
🔐 Configurando autenticação para testes...
✅ Estado de autenticação salvo com sucesso!
  ✓    1 [setup] › e2e/auth.setup.js:11:6 › authenticate as player (13.4s)
✅ Autenticação de organização configurada!
  ✓    2 [setup] › e2e/auth.setup.js:43:6 › authenticate as organization (7.8s)
✅ Autenticação de espectador configurada!
  ✓    3 [setup] › e2e/auth.setup.js:62:6 › authenticate as spectator (8.4s)
[dotenv@17.2.3] injecting env (0) from .env.test -- tip: 🔐 prevent building .env in docker: https://dotenvx.com/prebuild
  ✓    4 [chromium] › e2e/auth.spec.js:13:9 › Authentication Flow › Landing Page › deve exibir página inicial para usuários não autenticados (1.4s)
  ✓    5 [chromium] › e2e/auth.spec.js:30:9 › Authentication Flow › Landing Page › deve navegar para login ao clicar em Entrar (1.8s)
  ✓    6 [chromium] › e2e/auth.spec.js:37:9 › Authentication Flow › Landing Page › deve navegar para registro ao clicar em Cadastrar (1.5s)
  ✓    7 [chromium] › e2e/auth.spec.js:46:9 › Authentication Flow › Landing Page › deve ter boa acessibilidade (1.7s)
  ✘    8 [chromium] › e2e/auth.spec.js:60:9 › Authentication Flow › Register Flow › deve exibir formulário de registro (11.8s)
[dotenv@17.2.3] injecting env (0) from .env.test -- tip: ⚙️  specify custom .env file path with { path: '/custom/path/.env' }
  ✘    9 [chromium] › e2e/auth.spec.js:60:9 › Authentication Flow › Register Flow › deve exibir formulário de registro (retry #1) (11.9s)
[dotenv@17.2.3] injecting env (0) from .env.test -- tip: 🔐 prevent building .env in docker: https://dotenvx.com/prebuild
  ✘   10 [chromium] › e2e/auth.spec.js:60:9 › Authentication Flow › Register Flow › deve exibir formulário de registro (retry #2) (11.8s)
[dotenv@17.2.3] injecting env (0) from .env.test -- tip: 🛠️  run anywhere with `dotenvx run -- yourcommand`
  ✘   11 [chromium] › e2e/auth.spec.js:76:9 › Authentication Flow › Register Flow › deve validar campos obrigatórios (12.0s)
[dotenv@17.2.3] injecting env (0) from .env.test -- tip: ⚙️  override existing env vars with { override: true }
  ✘   12 [chromium] › e2e/auth.spec.js:76:9 › Authentication Flow › Register Flow › deve validar campos obrigatórios (retry #1) (12.5s)
[dotenv@17.2.3] injecting env (0) from .env.test -- tip: 🔐 prevent committing .env to code: https://dotenvx.com/precommit
  ✘   13 [chromium] › e2e/auth.spec.js:76:9 › Authentication Flow › Register Flow › deve validar campos obrigatórios (retry #2) (12.0s)
[dotenv@17.2.3] injecting env (0) from .env.test -- tip: 📡 add observability to secrets: https://dotenvx.com/ops
  ✘   14 [chromium] › e2e/auth.spec.js:89:9 › Authentication Flow › Register Flow › deve validar formato de email (15.8s)
[dotenv@17.2.3] injecting env (0) from .env.test -- tip: ⚙️  specify custom .env file path with { path: '/custom/path/.env' }
  ✘   15 [chromium] › e2e/auth.spec.js:89:9 › Authentication Flow › Register Flow › deve validar formato de email (retry #1) (12.2s)
[dotenv@17.2.3] injecting env (0) from .env.test -- tip: 🛠️  run anywhere with `dotenvx run -- yourcommand`
  ✘   16 [chromium] › e2e/auth.spec.js:89:9 › Authentication Flow › Register Flow › deve validar formato de email (retry #2) (11.7s)
[dotenv@17.2.3] injecting env (0) from .env.test -- tip: ⚙️  enable debug logging with { debug: true }
  ✘   17 [chromium] › e2e/auth.spec.js:109:9 › Authentication Flow › Register Flow › deve validar força da senha (11.8s)
[dotenv@17.2.3] injecting env (0) from .env.test -- tip: ⚙️  write to custom object with { processEnv: myObject }
  ✘   18 [chromium] › e2e/auth.spec.js:109:9 › Authentication Flow › Register Flow › deve validar força da senha (retry #1) (12.0s)
[dotenv@17.2.3] injecting env (0) from .env.test -- tip: ⚙️  enable debug logging with { debug: true }
  ✘   19 [chromium] › e2e/auth.spec.js:109:9 › Authentication Flow › Register Flow › deve validar força da senha (retry #2) (12.0s)
[dotenv@17.2.3] injecting env (0) from .env.test -- tip: 🗂️ backup and recover secrets: https://dotenvx.com/ops
  ✘   20 [chromium] › e2e/auth.spec.js:129:9 › Authentication Flow › Register Flow › deve permitir navegação entre tipos de usuário (1.9s)
[dotenv@17.2.3] injecting env (0) from .env.test -- tip: ⚙️  specify custom .env file path with { path: '/custom/path/.env' }
  ✘   21 [chromium] › e2e/auth.spec.js:129:9 › Authentication Flow › Register Flow › deve permitir navegação entre tipos de usuário (retry #1) (5.5s)
[dotenv@17.2.3] injecting env (0) from .env.test -- tip: 🔑 add access controls to secrets: https://dotenvx.com/ops
  ✘   22 [chromium] › e2e/auth.spec.js:129:9 › Authentication Flow › Register Flow › deve permitir navegação entre tipos de usuário (retry #2) (1.1s)
[dotenv@17.2.3] injecting env (0) from .env.test -- tip: 🔐 prevent committing .env to code: https://dotenvx.com/precommit
  ✓   23 [chromium] › e2e/auth.spec.js:152:9 › Authentication Flow › Register Flow › deve ter link para login (3.2s)
  ✓   24 [chromium] › e2e/auth.spec.js:166:9 › Authentication Flow › Login Flow › deve exibir formulário de login (1.7s)
  ✘   25 [chromium] › e2e/auth.spec.js:177:9 › Authentication Flow › Login Flow › deve validar campos obrigatórios (6.8s)
[dotenv@17.2.3] injecting env (0) from .env.test -- tip: ⚙️  enable debug logging with { debug: true }
  ✘   26 [chromium] › e2e/auth.spec.js:177:9 › Authentication Flow › Login Flow › deve validar campos obrigatórios (retry #1) (8.1s)
[dotenv@17.2.3] injecting env (0) from .env.test -- tip: ⚙️  write to custom object with { processEnv: myObject }
  ✘   27 [chromium] › e2e/auth.spec.js:177:9 › Authentication Flow › Login Flow › deve validar campos obrigatórios (retry #2) (7.4s)
[dotenv@17.2.3] injecting env (0) from .env.test -- tip: 🔐 prevent building .env in docker: https://dotenvx.com/prebuild
  ✘   28 [chromium] › e2e/auth.spec.js:189:9 › Authentication Flow › Login Flow › deve mostrar erro com credenciais inválidas (4.5s)
[dotenv@17.2.3] injecting env (0) from .env.test -- tip: ⚙️  load multiple .env files with { path: ['.env.local', '.env'] }
  ✘   29 [chromium] › e2e/auth.spec.js:189:9 › Authentication Flow › Login Flow › deve mostrar erro com credenciais inválidas (retry #1) (4.9s)
[dotenv@17.2.3] injecting env (0) from .env.test -- tip: 👥 sync secrets across teammates & machines: https://dotenvx.com/ops
  ✘   30 [chromium] › e2e/auth.spec.js:189:9 › Authentication Flow › Login Flow › deve mostrar erro com credenciais inválidas (retry #2) (3.2s)
[dotenv@17.2.3] injecting env (0) from .env.test -- tip: 📡 add observability to secrets: https://dotenvx.com/ops
  -   31 [chromium] › e2e/auth.spec.js:202:9 › Authentication Flow › Login Flow › deve redirecionar para feed após login bem-sucedido
  ✘   32 [chromium] › e2e/auth.spec.js:210:9 › Authentication Flow › Login Flow › deve ter link para registro (14.0s)
[dotenv@17.2.3] injecting env (0) from .env.test -- tip: 👥 sync secrets across teammates & machines: https://dotenvx.com/ops
  ✘   33 [chromium] › e2e/auth.spec.js:210:9 › Authentication Flow › Login Flow › deve ter link para registro (retry #1) (13.2s)
[dotenv@17.2.3] injecting env (0) from .env.test -- tip: ✅ audit secrets and track compliance: https://dotenvx.com/ops
  ✘   34 [chromium] › e2e/auth.spec.js:210:9 › Authentication Flow › Login Flow › deve ter link para registro (retry #2) (12.9s)
[dotenv@17.2.3] injecting env (0) from .env.test -- tip: ⚙️  suppress all logs with { quiet: true }
  ✓   35 [chromium] › e2e/auth.spec.js:218:9 › Authentication Flow › Login Flow › deve ter opção de recuperar senha (3.3s)
  -   36 [chromium] › e2e/auth.spec.js:239:9 › Authentication Flow › Logout Flow › deve fazer logout com sucesso
  ✘   37 [chromium] › e2e/auth.spec.js:250:9 › Authentication Flow › Protected Routes › deve redirecionar rotas protegidas para login (2.2s)
[dotenv@17.2.3] injecting env (0) from .env.test -- tip: 🛠️  run anywhere with `dotenvx run -- yourcommand`
  ✘   38 [chromium] › e2e/auth.spec.js:250:9 › Authentication Flow › Protected Routes › deve redirecionar rotas protegidas para login (retry #1) (2.8s)
[dotenv@17.2.3] injecting env (0) from .env.test -- tip: 🗂️ backup and recover secrets: https://dotenvx.com/ops
  ✘   39 [chromium] › e2e/auth.spec.js:250:9 › Authentication Flow › Protected Routes › deve redirecionar rotas protegidas para login (retry #2) (1.4s)
[dotenv@17.2.3] injecting env (0) from .env.test -- tip: 📡 add observability to secrets: https://dotenvx.com/ops
  ✓   40 [chromium] › e2e/auth.spec.js:273:9 › Authentication Flow › Accessibility › landing page deve ser acessível (2.5s)
  ✓   41 [chromium] › e2e/auth.spec.js:284:9 › Authentication Flow › Accessibility › login page deve ser acessível (1.1s)
  ✘   42 [chromium] › e2e/auth.spec.js:302:9 › Authentication Flow › Accessibility › register page deve ter navegação por teclado (1.1s)
[dotenv@17.2.3] injecting env (0) from .env.test -- tip: ✅ audit secrets and track compliance: https://dotenvx.com/ops
  ✘   43 [chromium] › e2e/auth.spec.js:302:9 › Authentication Flow › Accessibility › register page deve ter navegação por teclado (retry #1) (2.4s)
[dotenv@17.2.3] injecting env (0) from .env.test -- tip: 🔑 add access controls to secrets: https://dotenvx.com/ops
  ✘   44 [chromium] › e2e/auth.spec.js:302:9 › Authentication Flow › Accessibility › register page deve ter navegação por teclado (retry #2) (1.6s)
[dotenv@17.2.3] injecting env (0) from .env.test -- tip: ✅ audit secrets and track compliance: https://dotenvx.com/ops
  ✓   45 [chromium] › e2e/auth.spec.js:316:9 › Authentication Flow › Responsive Behavior › deve ser responsivo em mobile (1.1s)
  ✓   46 [chromium] › e2e/auth.spec.js:334:9 › Authentication Flow › Responsive Behavior › deve ser responsivo em tablet (1.9s)
  ✓   47 [chromium] › e2e/auth.spec.js:342:9 › Authentication Flow › Responsive Behavior › deve ser responsivo em desktop (934ms)
  ✘   48 [chromium] › e2e/chat.spec.js:16:9 › Chat Flow › Chat Layout › deve exibir layout de 2 colunas em desktop (3.9s)
[dotenv@17.2.3] injecting env (0) from .env.test -- tip: 🛠️  run anywhere with `dotenvx run -- yourcommand`
  ✘   49 [chromium] › e2e/chat.spec.js:16:9 › Chat Flow › Chat Layout › deve exibir layout de 2 colunas em desktop (retry #1) (3.4s)
[dotenv@17.2.3] injecting env (0) from .env.test -- tip: 🛠️  run anywhere with `dotenvx run -- yourcommand`
  ✘   50 [chromium] › e2e/chat.spec.js:16:9 › Chat Flow › Chat Layout › deve exibir layout de 2 colunas em desktop (retry #2) (3.9s)
[dotenv@17.2.3] injecting env (0) from .env.test -- tip: 🔐 prevent building .env in docker: https://dotenvx.com/prebuild
  ✘   51 [chromium] › e2e/chat.spec.js:36:9 › Chat Flow › Chat Layout › deve exibir navegação mobile em telas pequenas (13.8s)
[dotenv@17.2.3] injecting env (0) from .env.test -- tip: 🔐 encrypt with Dotenvx: https://dotenvx.com
  ✘   52 [chromium] › e2e/chat.spec.js:36:9 › Chat Flow › Chat Layout › deve exibir navegação mobile em telas pequenas (retry #1) (14.7s)
[dotenv@17.2.3] injecting env (0) from .env.test -- tip: 🔐 prevent committing .env to code: https://dotenvx.com/precommit
  ✘   53 [chromium] › e2e/chat.spec.js:36:9 › Chat Flow › Chat Layout › deve exibir navegação mobile em telas pequenas (retry #2) (14.6s)
[dotenv@17.2.3] injecting env (0) from .env.test -- tip: ⚙️  write to custom object with { processEnv: myObject }
  ✓   54 [chromium] › e2e/chat.spec.js:46:9 › Chat Flow › Chat Layout › sidebar deve ter largura adequada (3.6s)
  ✓   55 [chromium] › e2e/chat.spec.js:65:9 › Chat Flow › Conversations List › deve exibir lista de conversas (2.6s)
  ✓   56 [chromium] › e2e/chat.spec.js:75:9 › Chat Flow › Conversations List › conversas devem ter preview da última mensagem (3.2s)
  ✓   57 [chromium] › e2e/chat.spec.js:92:9 › Chat Flow › Conversations List › deve exibir indicador de usuário online (3.5s)
  ✓   58 [chromium] › e2e/chat.spec.js:102:9 › Chat Flow › Conversations List › deve exibir timestamp da última mensagem (2.9s)
  ✘   59 [chromium] › e2e/chat.spec.js:119:9 › Chat Flow › Conversations List › deve destacar conversa ativa (13.9s)
[dotenv@17.2.3] injecting env (0) from .env.test -- tip: ⚙️  suppress all logs with { quiet: true }
  ✘   60 [chromium] › e2e/chat.spec.js:119:9 › Chat Flow › Conversations List › deve destacar conversa ativa (retry #1) (14.0s)
[dotenv@17.2.3] injecting env (0) from .env.test -- tip: 🔄 add secrets lifecycle management: https://dotenvx.com/ops
  ✘   61 [chromium] › e2e/chat.spec.js:119:9 › Chat Flow › Conversations List › deve destacar conversa ativa (retry #2) (13.2s)
[dotenv@17.2.3] injecting env (0) from .env.test -- tip: ⚙️  specify custom .env file path with { path: '/custom/path/.env' }
  ✘   62 [chromium] › e2e/chat.spec.js:143:9 › Chat Flow › Messages › deve selecionar conversa e exibir mensagens (16.1s)
[dotenv@17.2.3] injecting env (0) from .env.test -- tip: ⚙️  specify custom .env file path with { path: '/custom/path/.env' }
  ✘   63 [chromium] › e2e/chat.spec.js:143:9 › Chat Flow › Messages › deve selecionar conversa e exibir mensagens (retry #1) (29.8s)
[dotenv@17.2.3] injecting env (0) from .env.test -- tip: ✅ audit secrets and track compliance: https://dotenvx.com/ops
  ✘   64 [chromium] › e2e/chat.spec.js:143:9 › Chat Flow › Messages › deve selecionar conversa e exibir mensagens (retry #2) (14.5s)
[dotenv@17.2.3] injecting env (0) from .env.test -- tip: ⚙️  write to custom object with { processEnv: myObject }
  ✘   65 [chromium] › e2e/chat.spec.js:153:9 › Chat Flow › Messages › mensagens devem ter layout correto (sender/receiver) (17.4s)
[dotenv@17.2.3] injecting env (0) from .env.test -- tip: ⚙️  enable debug logging with { debug: true }
  ✘   66 [chromium] › e2e/chat.spec.js:153:9 › Chat Flow › Messages › mensagens devem ter layout correto (sender/receiver) (retry #1) (15.9s)
[dotenv@17.2.3] injecting env (0) from .env.test -- tip: ⚙️  write to custom object with { processEnv: myObject }
  ✘   67 [chromium] › e2e/chat.spec.js:153:9 › Chat Flow › Messages › mensagens devem ter layout correto (sender/receiver) (retry #2) (14.2s)
[dotenv@17.2.3] injecting env (0) from .env.test -- tip: ⚙️  specify custom .env file path with { path: '/custom/path/.env' }
  ✘   68 [chromium] › e2e/chat.spec.js:182:9 › Chat Flow › Messages › mensagens devem ter timestamp (15.9s)
[dotenv@17.2.3] injecting env (0) from .env.test -- tip: 🛠️  run anywhere with `dotenvx run -- yourcommand`
  ✘   69 [chromium] › e2e/chat.spec.js:182:9 › Chat Flow › Messages › mensagens devem ter timestamp (retry #1) (13.4s)
[dotenv@17.2.3] injecting env (0) from .env.test -- tip: 🔄 add secrets lifecycle management: https://dotenvx.com/ops
  ✘   70 [chromium] › e2e/chat.spec.js:182:9 › Chat Flow › Messages › mensagens devem ter timestamp (retry #2) (19.1s)
[dotenv@17.2.3] injecting env (0) from .env.test -- tip: 🗂️ backup and recover secrets: https://dotenvx.com/ops
  ✘   71 [chromium] › e2e/chat.spec.js:199:9 › Chat Flow › Messages › deve fazer scroll automático para última mensagem (19.5s)
[dotenv@17.2.3] injecting env (0) from .env.test -- tip: ⚙️  suppress all logs with { quiet: true }
  ✘   72 [chromium] › e2e/chat.spec.js:199:9 › Chat Flow › Messages › deve fazer scroll automático para última mensagem (retry #1) (13.7s)
[dotenv@17.2.3] injecting env (0) from .env.test -- tip: 🔐 prevent committing .env to code: https://dotenvx.com/precommit
  ✘   73 [chromium] › e2e/chat.spec.js:199:9 › Chat Flow › Messages › deve fazer scroll automático para última mensagem (retry #2) (16.6s)
[dotenv@17.2.3] injecting env (0) from .env.test -- tip: 🔑 add access controls to secrets: https://dotenvx.com/ops
